// Vitest Snapshot v1, https://vitest.dev/guide/snapshot.html

exports[`hourclock > pie > should render { data: [ { label: 'top of the hour jingle', value: 60, color: '#ff0000' } ] } 1`] = `
"<div><canvas role="img" style="display: block; box-sizing: border-box; height: 0px; width: 0px;" height="0" width="0">
    <p></p>
  </canvas></div>"
`;
